[31m================================================================================REQUIRED process [master] has died!
process has died [pid 16675, exit code -15, cmd rosmaster --core -p 11311 -w 3 __log:=/home/dutjj/.ros/log/f9f61b18-5340-11f1-a11d-d1d0ac0853a4/master.log].
log file: /home/dutjj/.ros/log/f9f61b18-5340-11f1-a11d-d1d0ac0853a4/master*.log
Initiating shutdown!
================================================================================[0m
... logging to /home/dutjj/.ros/log/f9f61b18-5340-11f1-a11d-d1d0ac0853a4/roslaunch-MSI-16666.log
Checking log directory for disk usage. This may take a while.
Press Ctrl-C to interrupt
Done checking log file disk usage. Usage is <1GB.
]2;roscore
[1mstarted roslaunch server http://MSI:37303/[0m
ros_comm version 1.17.4


SUMMARY
========

PARAMETERS
 * /rosdistro: noetic
 * /rosversion: 1.17.4

NODES

auto-starting new master
[1mprocess[master]: started with pid [16675][0m
[1mROS_MASTER_URI=http://MSI:11311/[0m
]2;roscore http://MSI:11311/
[1msetting /run_id to f9f61b18-5340-11f1-a11d-d1d0ac0853a4[0m
[1mprocess[rosout-1]: started with pid [16685][0m
started core service [/rosout]
[rosout-1] killing on exit
[master] killing on exit
shutting down processing monitor...
... shutting down processing monitor complete
[1mdone[0m
